[    0.000000] Initializing cgroup subsys cpuset
[    0.000000] Initializing cgroup subsys cpu
[    0.000000] Initializing cgroup subsys cpuacct
[    0.000000] Linux version 4.4.0-210-generic (buildd@lgw01-amd64-009) (gcc version 5.4.0 20160609 (Ubuntu 5.4.0-6ubuntu1~16.04.12) ) #242-Ubuntu SMP Fri Apr 16 09:57:56 UTC 2021 (Ubuntu 4.4.0-210.242-generic 4.4.262)
[    0.000000] Command line: BOOT_IMAGE=/boot/vmlinuz-4.4.0-210-generic root=LABEL=cloudimg-rootfs ro console=tty1 console=ttyS0
[    0.000000] KERNEL supported cpus:
[    0.000000]   Intel GenuineIntel
[    0.000000]   AMD AuthenticAMD
[    0.000000]   Centaur CentaurHauls
[    0.000000] x86/fpu: Legacy x87 FPU detected.
[    0.000000] e820: BIOS-provided physical RAM map:
[    0.000000] BIOS-e820: [mem 0x0000000000000000-0x000000000009fbff] usable
[    0.000000] BIOS-e820: [mem 0x000000000009fc00-0x000000000009ffff] reserved
[    0.000000] BIOS-e820: [mem 0x00000000000f0000-0x00000000000fffff] reserved
[    0.000000] BIOS-e820: [mem 0x0000000000100000-0x000000003ffeffff] usable
[    0.000000] BIOS-e820: [mem 0x000000003fff0000-0x000000003fffffff] ACPI data
[    0.000000] BIOS-e820: [mem 0x00000000fec00000-0x00000000fec00fff] reserved
[    0.000000] BIOS-e820: [mem 0x00000000fee00000-0x00000000fee00fff] reserved
[    0.000000] BIOS-e820: [mem 0x00000000fffc0000-0x00000000ffffffff] reserved
[    0.000000] NX (Execute Disable) protection: active
[    0.000000] SMBIOS 2.5 present.
[    0.000000] Hypervisor detected: KVM
[    0.000000] e820: last_pfn = 0x3fff0 max_arch_pfn = 0x400000000
[    0.000000] MTRR: Disabled
[    0.000000] x86/PAT: MTRRs disabled, skipping PAT initialization too.
[    0.000000] CPU MTRRs all blank - virtualized system.
[    0.000000] x86/PAT: Configuration [0-7]: WB  WT  UC- UC  WB  WT  UC- UC  
[    0.000000] found SMP MP-table at [mem 0x0009fff0-0x0009ffff] mapped at [ffff88000009fff0]
[    0.000000] Scanning 1 areas for low memory corruption
[    0.000000] RAMDISK: [mem 0x362dc000-0x37165fff]
[    0.000000] ACPI: Early table checksum verification disabled
[    0.000000] ACPI: RSDP 0x00000000000E0000 000024 (v02 VBOX  )
[    0.000000] ACPI: XSDT 0x000000003FFF0030 00003C (v01 VBOX   VBOXXSDT 00000001 ASL  00000061)
[    0.000000] ACPI: FACP 0x000000003FFF00F0 0000F4 (v04 VBOX   VBOXFACP 00000001 ASL  00000061)
[    0.000000] ACPI: DSDT 0x000000003FFF0610 002353 (v02 VBOX   VBOXBIOS 00000002 INTL 20100528)
[    0.000000] ACPI: FACS 0x000000003FFF0200 000040
[    0.000000] ACPI: FACS 0x000000003FFF0200 000040
[    0.000000] ACPI: APIC 0x000000003FFF0240 00005C (v02 VBOX   VBOXAPIC 00000001 ASL  00000061)
[    0.000000] ACPI: SSDT 0x000000003FFF02A0 00036C (v01 VBOX   VBOXCPUT 00000002 INTL 20100528)
[    0.000000] No NUMA configuration found
[    0.000000] Faking a node at [mem 0x0000000000000000-0x000000003ffeffff]
[    0.000000] NODE_DATA(0) allocated [mem 0x3ffeb000-0x3ffeffff]
[    0.000000] kvm-clock: Using msrs 4b564d01 and 4b564d00
[    0.000000] kvm-clock: cpu 0, msr 0:3ffe3001, primary cpu clock
[    0.000000] kvm-clock: using sched offset of 4781535305 cycles
[    0.000000] clocksource: kvm-clock: mask: 0xffffffffffffffff max_cycles: 0x1cd42e4dffb, max_idle_ns: 881590591483 ns
[    0.000000] Zone ranges:
[    0.000000]   DMA      [mem 0x0000000000001000-0x0000000000ffffff]
[    0.000000]   DMA32    [mem 0x0000000001000000-0x000000003ffeffff]
[    0.000000]   Normal   empty
[    0.000000]   Device   empty
[    0.000000] Movable zone start for each node
[    0.000000] Early memory node ranges
[    0.000000]   node   0: [mem 0x0000000000001000-0x000000000009efff]
[    0.000000]   node   0: [mem 0x0000000000100000-0x000000003ffeffff]
[    0.000000] Initmem setup node 0 [mem 0x0000000000001000-0x000000003ffeffff]
[    0.000000] ACPI: PM-Timer IO Port: 0x4008
[    0.000000] IOAPIC[0]: apic_id 2, version 32, address 0xfec00000, GSI 0-23
[    0.000000] ACPI: INT_SRC_OVR (bus 0 bus_irq 0 global_irq 2 dfl dfl)
[    0.000000] ACPI: INT_SRC_OVR (bus 0 bus_irq 9 global_irq 9 low level)
[    0.000000] Using ACPI (MADT) for SMP configuration information
[    0.000000] smpboot: Allowing 2 CPUs, 0 hotplug CPUs
[    0.000000] PM: Registered nosave memory: [mem 0x00000000-0x00000fff]
[    0.000000] PM: Registered nosave memory: [mem 0x0009f000-0x0009ffff]
[    0.000000] PM: Registered nosave memory: [mem 0x000a0000-0x000effff]
[    0.000000] PM: Registered nosave memory: [mem 0x000f0000-0x000fffff]
[    0.000000] e820: [mem 0x40000000-0xfebfffff] available for PCI devices
[    0.000000] Booting paravirtualized kernel on KVM
[    0.000000] clocksource: refined-jiffies: mask: 0xffffffff max_cycles: 0xffffffff, max_idle_ns: 7645519600211568 ns
[    0.000000] setup_percpu: NR_CPUS:512 nr_cpumask_bits:512 nr_cpu_ids:2 nr_node_ids:1
[    0.000000] PERCPU: Embedded 33 pages/cpu @ffff88003fc00000 s95192 r8192 d31784 u1048576
[    0.000000] Built 1 zonelists in Node order, mobility grouping on.  Total pages: 257912
[    0.000000] Policy zone: DMA32
[    0.000000] Kernel command line: BOOT_IMAGE=/boot/vmlinuz-4.4.0-210-generic root=LABEL=cloudimg-rootfs ro console=tty1 console=ttyS0
[    0.000000] PID hash table entries: 4096 (order: 3, 32768 bytes)
[    0.000000] Memory: 997792K/1048120K available (8644K kernel code, 1332K rwdata, 4044K rodata, 1492K init, 1164K bss, 50328K reserved, 0K cma-reserved)
[    0.000000] SLUB: HWalign=64, Order=0-3, MinObjects=0, CPUs=2, Nodes=1
[    0.000000] Kernel/User page tables isolation: enabled
[    0.000000] Hierarchical RCU implementation.
[    0.000000] 	Build-time adjustment of leaf fanout to 64.
[    0.000000] 	RCU restricting CPUs from NR_CPUS=512 to nr_cpu_ids=2.
[    0.000000] RCU: Adjusting geometry for rcu_fanout_leaf=64, nr_cpu_ids=2
[    0.000000] NR_IRQS:33024 nr_irqs:440 16
[    0.000000] Console: colour VGA+ 80x25
[    0.000000] console [tty1] enabled
[    0.000000] console [ttyS0] enabled
[    0.000000] tsc: Detected 2194.918 MHz processor
[    1.026222] Calibrating delay loop (skipped) preset value.. 4389.83 BogoMIPS (lpj=8779672)
[    1.039904] pid_max: default: 32768 minimum: 301
[    1.052868] ACPI: Core revision 20150930
[    1.061721] ACPI: 2 ACPI AML tables successfully acquired and loaded
[    1.076403] Security Framework initialized
[    1.085499] Yama: becoming mindful.
[    1.095371] AppArmor: AppArmor initialized
[    1.103815] Dentry cache hash table entries: 131072 (order: 8, 1048576 bytes)
[    1.128853] Inode-cache hash table entries: 65536 (order: 7, 524288 bytes)
[    1.151436] Mount-cache hash table entries: 2048 (order: 2, 16384 bytes)
[    1.168994] Mountpoint-cache hash table entries: 2048 (order: 2, 16384 bytes)
[    1.186291] Initializing cgroup subsys io
[    1.197002] Initializing cgroup subsys memory
[    1.206671] Initializing cgroup subsys devices
[    1.219249] Initializing cgroup subsys freezer
[    1.231666] Initializing cgroup subsys net_cls
[    1.244896] Initializing cgroup subsys perf_event
[    1.254021] Initializing cgroup subsys net_prio
[    1.266941] Initializing cgroup subsys hugetlb
[    1.280926] Initializing cgroup subsys pids
[    1.293871] mce: CPU supports 0 MCE banks
[    1.304663] Last level iTLB entries: 4KB 64, 2MB 8, 4MB 8
[    1.317282] Last level dTLB entries: 4KB 64, 2MB 0, 4MB 0, 1GB 4
[    1.333138] Spectre V1 : Mitigation: usercopy/swapgs barriers and __user pointer sanitization
[    1.356463] Spectre V2 : Mitigation: Full generic retpoline
[    1.373398] Spectre V2 : Spectre v2 / SpectreRSB mitigation: Filling RSB on context switch
[    1.392392] Speculative Store Bypass: Vulnerable
[    1.407043] SRBDS: Unknown: Dependent on hypervisor status
[    1.425127] MDS: Mitigation: Clear CPU buffers
[    1.547847] Freeing SMP alternatives memory: 36K
[    1.774323] ftrace: allocating 32380 entries in 127 pages
[    3.310145] smpboot: APIC(0) Converting physical 0 to logical package 0
[    3.325846] smpboot: Max logical packages: 1
[    3.358199] ..TIMER: vector=0x30 apic1=0 pin1=2 apic2=-1 pin2=-1
[    3.478527] smpboot: CPU0: Intel(R) Core(TM) i5-5200U CPU @ 2.20GHz (family: 0x6, model: 0x3d, stepping: 0x4)
[    3.499045] Performance Events: unsupported p6 CPU model 61 no PMU driver, software events only.
[    3.740817] KVM setup paravirtual spinlock
[    3.752278] x86: Booting SMP configuration:
[    3.759235] .... node  #0, CPUs:      #1
[    3.768742] kvm-clock: cpu 1, msr 0:3ffe3041, secondary cpu clock
[    3.780342] mce: CPU supports 0 MCE banks
[    3.786665] TSC synchronization [CPU#0 -> CPU#1]:
[    3.795210] Measured 104909 cycles TSC warp between CPUs, turning off TSC clock.
[    3.808071] tsc: Marking TSC unstable due to check_tsc_sync_source failed
[    0.949351] x86: Booted up 1 node, 2 CPUs
[    0.952006] smpboot: Total of 2 processors activated (8779.67 BogoMIPS)
[    0.968139] devtmpfs: initialized
[    0.976949] evm: security.selinux
[    0.980006] evm: security.SMACK64
[    0.984005] evm: security.SMACK64EXEC
[    0.988005] evm: security.SMACK64TRANSMUTE
[    0.992004] evm: security.SMACK64MMAP
[    0.996004] evm: security.ima
[    1.000004] evm: security.capability
[    1.004538] clocksource: jiffies: mask: 0xffffffff max_cycles: 0xffffffff, max_idle_ns: 7645041785100000 ns
[    1.008020] futex hash table entries: 512 (order: 3, 32768 bytes)
[    1.012672] pinctrl core: initialized pinctrl subsystem
[    1.020455] RTC time:  3:45:57, date: 10/30/23
[    1.025706] NET: Registered protocol family 16
[    1.040015] cpuidle: using governor ladder
[    1.056021] cpuidle: using governor menu
[    1.060014] PCCT header not found.
[    1.064164] ACPI: bus type PCI registered
[    1.068006] acpiphp: ACPI Hot Plug PCI Controller Driver version: 0.5
[    1.076288] PCI: Using configuration type 1 for base access
[    1.108421] ACPI: Added _OSI(Module Device)
[    1.112006] ACPI: Added _OSI(Processor Device)
[    1.116006] ACPI: Added _OSI(3.0 _SCP Extensions)
[    1.120007] ACPI: Added _OSI(Processor Aggregator Device)
[    1.128244] ACPI: Executed 1 blocks of module-level executable AML code
[    1.146463] ACPI: Interpreter enabled
[    1.148022] ACPI: (supports S0 S5)
[    1.152005] ACPI: Using IOAPIC for interrupt routing
[    1.156594] PCI: Using host bridge windows from ACPI; if necessary, use "pci=nocrs" and report a bug
[    1.174411] ACPI: PCI Root Bridge [PCI0] (domain 0000 [bus 00-ff])
[    1.176015] acpi PNP0A03:00: _OSC: OS supports [ASPM ClockPM Segments MSI]
[    1.181051] acpi PNP0A03:00: _OSC: not requesting OS control; OS requires [ExtendedConfig ASPM ClockPM MSI]
[    1.184018] acpi PNP0A03:00: fail to add MMCONFIG information, can't access extended PCI configuration space under this bridge.
[    1.192326] PCI host bridge to bus 0000:00
[    1.196015] pci_bus 0000:00: root bus resource [io  0x0000-0x0cf7 window]
[    1.200011] pci_bus 0000:00: root bus resource [io  0x0d00-0xffff window]
[    1.204013] pci_bus 0000:00: root bus resource [mem 0x000a0000-0x000bffff window]
[    1.208014] pci_bus 0000:00: root bus resource [mem 0x40000000-0xfdffffff window]
[    1.212010] pci_bus 0000:00: root bus resource [bus 00-ff]
[    1.231067] pci 0000:00:01.1: legacy IDE quirk: reg 0x10: [io  0x01f0-0x01f7]
[    1.232010] pci 0000:00:01.1: legacy IDE quirk: reg 0x14: [io  0x03f6]
[    1.236009] pci 0000:00:01.1: legacy IDE quirk: reg 0x18: [io  0x0170-0x0177]
[    1.240008] pci 0000:00:01.1: legacy IDE quirk: reg 0x1c: [io  0x0376]
[    1.280729] pci 0000:00:07.0: quirk: [io  0x4000-0x403f] claimed by PIIX4 ACPI
[    1.284073] pci 0000:00:07.0: quirk: [io  0x4100-0x410f] claimed by PIIX4 SMB
[    1.311219] ACPI: PCI Interrupt Link [LNKA] (IRQs 5 9 10 *11)
[    1.320622] ACPI: PCI Interrupt Link [LNKB] (IRQs 5 9 *10 11)
[    1.330009] ACPI: PCI Interrupt Link [LNKC] (IRQs 5 *9 10 11)
[    1.340389] ACPI: PCI Interrupt Link [LNKD] (IRQs 5 9 10 *11)
[    1.350168] ACPI: Enabled 2 GPEs in block 00 to 07
[    1.352373] vgaarb: setting as boot device: PCI:0000:00:02.0
[    1.356000] vgaarb: device added: PCI:0000:00:02.0,decodes=io+mem,owns=io+mem,locks=none
[    1.356008] vgaarb: loaded
[    1.360004] vgaarb: bridge control possible 0000:00:02.0
[    1.364602] SCSI subsystem initialized
[    1.368337] ACPI: bus type USB registered
[    1.372068] usbcore: registered new interface driver usbfs
[    1.376059] usbcore: registered new interface driver hub
[    1.380020] usbcore: registered new device driver usb
[    1.389041] PCI: Using ACPI for IRQ routing
[    1.396154] NetLabel: Initializing
[    1.400004] NetLabel:  domain hash size = 128
[    1.404005] NetLabel:  protocols = UNLABELED CIPSOv4
[    1.408023] NetLabel:  unlabeled traffic allowed by default
[    1.412311] amd_nb: Cannot enumerate AMD northbridges
[    1.416444] clocksource: Switched to clocksource kvm-clock
[    1.447713] AppArmor: AppArmor Filesystem Enabled
[    1.447713] pnp: PnP ACPI init
[    1.447713] pnp: PnP ACPI: found 3 devices
[    1.568977] clocksource: acpi_pm: mask: 0xffffff max_cycles: 0xffffff, max_idle_ns: 2085701024 ns
[    1.572883] NET: Registered protocol family 2
[    1.592627] TCP established hash table entries: 8192 (order: 4, 65536 bytes)
[    1.605734] TCP bind hash table entries: 8192 (order: 5, 131072 bytes)
[    1.609181] TCP: Hash tables configured (established 8192 bind 8192)
[    1.609181] UDP hash table entries: 512 (order: 2, 16384 bytes)
[    1.609181] UDP-Lite hash table entries: 512 (order: 2, 16384 bytes)
[    1.609181] NET: Registered protocol family 1
[    1.609181] pci 0000:00:00.0: Limiting direct PCI/PCI transfers
[    1.609181] pci 0000:00:01.0: Activating ISA DMA hang workarounds
[    1.609181] Unpacking initramfs...
[    1.995462] Freeing initrd memory: 14888K
[    1.995462] RAPL PMU detected, API unit is 2^-32 Joules, 4 fixed counters 10737418240 ms ovfl timer
[    1.995462] hw unit of domain pp0-core 2^-0 Joules
[    1.995462] hw unit of domain package 2^-0 Joules
[    1.995462] hw unit of domain dram 2^-0 Joules
[    1.995462] hw unit of domain pp1-gpu 2^-0 Joules
[    1.995462] clocksource: tsc: mask: 0xffffffffffffffff max_cycles: 0x1fa37202099, max_idle_ns: 440795206796 ns
[    1.995462] platform rtc_cmos: registered platform RTC device (no PNP device found)
[    1.995462] Scanning for low memory corruption every 60 seconds
[    2.302926] audit: initializing netlink subsys (disabled)
[    2.313841] audit: type=2000 audit(1698637562.471:1): initialized
[    2.327536] Initialise system trusted keyring
[    2.338136] HugeTLB registered 2 MB page size, pre-allocated 0 pages
[    2.352293] zbud: loaded
[    2.358794] VFS: Disk quotas dquot_6.6.0
[    2.365774] VFS: Dquot-cache hash table entries: 512 (order 0, 4096 bytes)
[    2.369576] squashfs: version 4.0 (2009/01/31) Phillip Lougher
[    2.389038] fuse init (API version 7.23)
[    2.396548] Key type big_key registered
[    2.402933] Allocating IMA MOK and blacklist keyrings.
[    2.434826] Key type asymmetric registered
[    2.442037] Asymmetric key parser 'x509' registered
[    2.450708] Block layer SCSI generic (bsg) driver version 0.4 loaded (major 249)
[    2.463829] io scheduler noop registered
[    2.470967] io scheduler deadline registered (default)
[    2.480249] io scheduler cfq registered
[    2.484057] pci_hotplug: PCI Hot Plug PCI Core version: 0.5
[    2.484057] pciehp: PCI Express Hot Plug Controller Driver version: 0.4
[    2.484057] ACPI: AC Adapter [AC] (on-line)
[    2.484057] input: Power Button as /devices/LNXSYSTM:00/LNXPWRBN:00/input/input0
[    2.484057] ACPI: Power Button [PWRF]
[    2.484057] input: Sleep Button as /devices/LNXSYSTM:00/LNXSLPBN:00/input/input1
[    2.484057] ACPI: Sleep Button [SLPF]
[    2.550304] GHES: HEST is not enabled!
[    2.553123] ACPI: Battery Slot [BAT0] (battery present)
[    2.567410] Serial: 8250/16550 driver, 32 ports, IRQ sharing enabled
[    2.610278] 00:02: ttyS0 at I/O 0x3f8 (irq = 4, base_baud = 115200) is a 16550A
[    2.656533] Linux agpgart interface v0.103
[    2.684555] loop: module loaded
[    2.693499] scsi host0: ata_piix
[    2.699926] scsi host1: ata_piix
[    2.706111] ata1: PATA max UDMA/33 cmd 0x1f0 ctl 0x3f6 bmdma 0xd000 irq 14
[    2.717654] ata2: PATA max UDMA/33 cmd 0x170 ctl 0x376 bmdma 0xd008 irq 15
[    2.729037] libphy: Fixed MDIO Bus: probed
[    2.737288] tun: Universal TUN/TAP device driver, 1.6
[    2.746827] tun: (C) 1999-2004 Max Krasnyansky <maxk@qualcomm.com>
[    2.757773] PPP generic driver version 2.4.2
[    2.765978] ehci_hcd: USB 2.0 'Enhanced' Host Controller (EHCI) Driver
[    2.776485] ehci-pci: EHCI PCI platform driver
[    2.783881] ehci-platform: EHCI generic platform driver
[    2.792375] ohci_hcd: USB 1.1 'Open' Host Controller (OHCI) Driver
[    2.802257] ohci-pci: OHCI PCI platform driver
[    2.809492] ohci-platform: OHCI generic platform driver
[    2.818402] uhci_hcd: USB Universal Host Controller Interface driver
[    2.828802] i8042: PNP: PS/2 Controller [PNP0303:PS2K,PNP0f03:PS2M] at 0x60,0x64 irq 1,12
[    2.847981] serio: i8042 KBD port at 0x60,0x64 irq 1
[    2.848902] serio: i8042 AUX port at 0x60,0x64 irq 12
[    2.865696] mousedev: PS/2 mouse device common for all mice
[    2.880862] rtc_cmos rtc_cmos: rtc core: registered rtc_cmos as rtc0
[    2.895216] rtc_cmos rtc_cmos: alarms up to one day, 114 bytes nvram
[    2.907502] i2c /dev entries driver
[    2.914327] device-mapper: uevent: version 1.0.3
[    2.934123] device-mapper: ioctl: 4.34.0-ioctl (2015-10-28) initialised: dm-devel@redhat.com
[    2.949130] ledtrig-cpu: registered to indicate activity on CPUs
[    2.983296] input: AT Translated Set 2 keyboard as /devices/platform/i8042/serio0/input/input2
[    2.998776] NET: Registered protocol family 10
[    3.008866] NET: Registered protocol family 17
[    3.018570] Key type dns_resolver registered
[    3.032043] registered taskstats version 1
[    3.044670] Loading compiled-in X.509 certificates
[    3.058356] Loaded X.509 cert 'Build time autogenerated kernel key: cf00e047681d67edb2720680708b7d9498083038'
[    3.075894] zswap: loaded using pool lzo/zbud
[    3.090584] Key type trusted registered
[    3.109265] Key type encrypted registered
[    3.117212] AppArmor: AppArmor sha1 policy hashing enabled
[    3.128279] ima: No TPM chip found, activating TPM-bypass!
[    3.137941] ima: Allocated hash algorithm: sha1
[    3.146659] evm: HMAC attrs: 0x1
[    3.154533]   Magic number: 11:830:766
[    3.163245] rtc_cmos rtc_cmos: setting system clock to 2023-10-30 03:46:00 UTC (1698637560)
[    3.178632] BIOS EDD facility v0.16 2004-Jun-25, 0 devices found
[    3.193629] EDD information not available.
[    3.207995] Freeing unused kernel memory: 1492K
[    3.236885] Write protecting the kernel read-only data: 14336k
[    3.251219] Freeing unused kernel memory: 1584K
[    3.261662] Freeing unused kernel memory: 52K
Loading, please wait...
starting version 229
[    3.317646] random: systemd-udevd: uninitialized urandom read (16 bytes read, 11 bits of entropy available)
[    3.317675] random: udevadm: uninitialized urandom read (16 bytes read, 11 bits of entropy available)
[    3.317701] random: udevadm: uninitialized urandom read (16 bytes read, 11 bits of entropy available)
[    3.339948] random: udevadm: uninitialized urandom read (16 bytes read, 11 bits of entropy available)
[    3.340480] random: udevadm: uninitialized urandom read (16 bytes read, 11 bits of entropy available)
[    3.340910] random: udevadm: uninitialized urandom read (16 bytes read, 11 bits of entropy available)
[    3.341015] random: udevadm: uninitialized urandom read (16 bytes read, 11 bits of entropy available)
[    3.341084] random: udevadm: uninitialized urandom read (16 bytes read, 11 bits of entropy available)
[    3.341234] random: udevadm: uninitialized urandom read (16 bytes read, 11 bits of entropy available)
[    3.341302] random: udevadm: uninitialized urandom read (16 bytes read, 11 bits of entropy available)
[    3.578920] e1000: Intel(R) PRO/1000 Network Driver - version 7.3.21-k8-NAPI
[    3.581037] e1000: Copyright (c) 1999-2006 Intel Corporation.
[    3.611541] Fusion MPT base driver 3.04.20
[    3.619408] Copyright (c) 1999-2008 LSI Corporation
[    3.648517] Fusion MPT SPI Host driver 3.04.20
[    4.551458] SSE version of gcm_enc/dec engaged.
[    4.601254] e1000 0000:00:03.0 eth0: (PCI:33MHz:32-bit) 02:be:82:6b:cc:1d
[    4.614382] e1000 0000:00:03.0 eth0: Intel(R) PRO/1000 Network Connection
[    4.629649] mptbase: ioc0: Initiating bringup
[    4.715474] ioc0: LSI53C1030 A0: Capabilities={Initiator}
[    4.771831] input: ImExPS/2 Generic Explorer Mouse as /devices/platform/i8042/serio1/input/input4
[    4.962787] scsi host2: ioc0: LSI53C1030 A0, FwRev=00000000h, Ports=1, MaxQ=256, IRQ=20
[    5.091139] scsi 2:0:0:0: Direct-Access     VBOX     HARDDISK         1.0  PQ: 0 ANSI: 5
[    5.108630] scsi target2:0:0: Beginning Domain Validation
[    5.131809] scsi target2:0:0: Domain Validation skipping write tests
[    5.143983] scsi target2:0:0: Ending Domain Validation
[    5.154388] scsi target2:0:0: asynchronous
[    5.166388] scsi 2:0:1:0: Direct-Access     VBOX     HARDDISK         1.0  PQ: 0 ANSI: 5
[    5.181191] scsi target2:0:1: Beginning Domain Validation
[    5.205015] scsi target2:0:1: Domain Validation skipping write tests
[    5.216907] scsi target2:0:1: Ending Domain Validation
[    5.236716] scsi target2:0:1: asynchronous
[    5.270361] sd 2:0:0:0: Attached scsi generic sg0 type 0
[    5.281354] sd 2:0:0:0: [sda] 83886080 512-byte logical blocks: (42.9 GB/40.0 GiB)
[    5.296861] sd 2:0:1:0: Attached scsi generic sg1 type 0
[    5.308619] sd 2:0:1:0: [sdb] 20480 512-byte logical blocks: (10.5 MB/10.0 MiB)
[    5.322245] sd 2:0:0:0: [sda] Write Protect is off
[    5.332757] sd 2:0:0:0: [sda] Incomplete mode parameter data
[    5.343376] sd 2:0:0:0: [sda] Assuming drive cache: write through
[    5.355566] sd 2:0:1:0: [sdb] Write Protect is off
[    5.366157] sd 2:0:1:0: [sdb] Incomplete mode parameter data
[    5.377464] sd 2:0:1:0: [sdb] Assuming drive cache: write through
[    5.404961]  sda: sda1
[    5.425053] sd 2:0:0:0: [sda] Attached SCSI disk
[    5.437763] sd 2:0:1:0: [sdb] Attached SCSI disk
[    6.169138] e1000 0000:00:08.0 eth1: (PCI:33MHz:32-bit) 08:00:27:09:40:d6
[    6.181105] e1000 0000:00:08.0 eth1: Intel(R) PRO/1000 Network Connection
[    6.195783] e1000 0000:00:03.0 enp0s3: renamed from eth0
[    6.222179] e1000 0000:00:08.0 enp0s8: renamed from eth1
Begin: Loading essential drivers ... [    9.323583] md: linear personality registered for level -1
[    9.342933] md: multipath personality registered for level -4
[    9.362304] md: raid0 personality registered for level 0
[    9.401089] md: raid1 personality registered for level 1
